/home/lwenzel/repo/dfaccto/hdl/static/sim/sim_streamsource.vhd
/home/lwenzel/repo/dfaccto/hdl/static/sim/sim_streamsink.vhd
/home/lwenzel/repo/dfaccto/hdl/static/sim/sim_sysenv.vhd
/home/lwenzel/repo/dfaccto/hdl/static/sim/interface.vhd
/home/lwenzel/repo/dfaccto/hdl/static/ExtentStore.vhd
/home/lwenzel/repo/dfaccto/hdl/static/ExtentStore_MatchPipeline.vhd
/home/lwenzel/repo/dfaccto/hdl/static/RegisterFile.vhd
/home/lwenzel/repo/dfaccto/hdl/static/axi/AxiChannelMonitor.vhd
/home/lwenzel/repo/dfaccto/hdl/static/axi/AxiWriter.vhd
/home/lwenzel/repo/dfaccto/hdl/static/axi/AxiRdBlockMapper.vhd
/home/lwenzel/repo/dfaccto/hdl/static/axi/AxiAddrMachine.vhd
/home/lwenzel/repo/dfaccto/hdl/static/axi/AxiSplitter.vhd
/home/lwenzel/repo/dfaccto/hdl/static/axi/AxiReader.vhd
/home/lwenzel/repo/dfaccto/hdl/static/axi/AxiRdMultiplexer.vhd
/home/lwenzel/repo/dfaccto/hdl/static/axi/AxiBlockMapper.vhd
/home/lwenzel/repo/dfaccto/hdl/static/axi/AxiMonitor.vhd
/home/lwenzel/repo/dfaccto/hdl/static/axi/AxiWrBlockMapper.vhd
/home/lwenzel/repo/dfaccto/hdl/static/axi/AxiWrMultiplexer.vhd
/home/lwenzel/repo/dfaccto/hdl/static/ActionControl.vhd
/home/lwenzel/repo/dfaccto/hdl/static/pkg/fosi_ctrl.vhd
/home/lwenzel/repo/dfaccto/hdl/static/pkg/fosi_blockmap.vhd
/home/lwenzel/repo/dfaccto/hdl/static/pkg/fosi_nvme.vhd
/home/lwenzel/repo/dfaccto/hdl/static/pkg/fosi_stream.vhd
/home/lwenzel/repo/dfaccto/hdl/static/pkg/dfaccto_util.vhd
/home/lwenzel/repo/dfaccto/hdl/static/pkg/fosi_axi.vhd
/home/lwenzel/repo/dfaccto/hdl/static/util/UtilLargeFIFO.vhd
/home/lwenzel/repo/dfaccto/hdl/static/util/UtilFastFIFO.vhd
/home/lwenzel/repo/dfaccto/hdl/static/util/UtilBarrier.vhd
/home/lwenzel/repo/dfaccto/hdl/static/util/UtilArbiter.vhd
/home/lwenzel/repo/dfaccto/hdl/static/util/UtilCounter.vhd
/home/lwenzel/repo/dfaccto/hdl/static/util/UtilBRAMSDP.vhd
/home/lwenzel/repo/dfaccto/hdl/static/util/UtilBRAMSP.vhd
/home/lwenzel/repo/dfaccto/hdl/static/util/UtilStableArbiter.vhd
/home/lwenzel/repo/dfaccto/hdl/static/ExtentStore_PortMachine.vhd
/home/lwenzel/repo/dfaccto/hdl/static/pipelinetest.vhd
/home/lwenzel/repo/dfaccto/hdl/static/PipelineStage.vhd
/home/lwenzel/repo/dfaccto/hdl/static/CtrlRegDemux.vhd
/home/lwenzel/repo/dfaccto/hdl/gen/pkg_simple.vhd
/home/lwenzel/repo/dfaccto/hdl/gen/Toplevel.vhd
